
> aeronit-defence-frontend@2.0.0 build
> vite build

[36mvite v7.3.6 [32mbuilding client environment for production...[36m[39m
transforming...
[32m✓[39m 1992 modules transformed.
rendering chunks...
computing gzip size...
[2mdist/[22m[32mindex.html                 [39m[1m[2m  0.64 kB[22m[1m[22m[2m │ gzip:   0.39 kB[22m
[2mdist/[22m[35massets/index-_MzSJ-6d.css  [39m[1m[2m 12.42 kB[22m[1m[22m[2m │ gzip:   3.38 kB[22m
[2mdist/[22m[36massets/index-BVUxfis6.js   [39m[1m[2m416.77 kB[22m[1m[22m[2m │ gzip: 131.35 kB[22m
[32m✓ built in 4.46s[39m
